stm32wbxx_ll_bus.h:365:22:LL_AHB1_GRP1_EnableClock	24	static
stm32wbxx_ll_bus.h:540:22:LL_AHB2_GRP1_EnableClock	24	static
main.c:101:5:main	8	static
main.c:154:6:SystemClock_Config	192	static
main.c:235:13:MX_ADC1_Init	112	static
main.c:368:13:MX_AES1_Init	8	static
main.c:403:13:MX_I2C1_Init	8	static
main.c:449:13:MX_LPUART1_UART_Init	8	static
main.c:497:13:MX_USART1_UART_Init	8	static
main.c:545:13:MX_PKA_Init	8	static
main.c:571:13:MX_RF_Init	4	static
main.c:592:13:MX_RNG_Init	8	static
main.c:618:13:MX_SPI1_Init	8	static
main.c:656:13:MX_DMA_Init	8	static
main.c:693:13:MX_GPIO_Init	32	static
main.c:749:6:Error_Handler	4	static,ignoring_inline_asm
