stm32wbxx_ll_bus.h:540:22:LL_AHB2_GRP1_EnableClock	24	static
stm32wbxx_ll_bus.h:598:22:LL_AHB2_GRP1_DisableClock	16	static
stm32wbxx_ll_bus.h:745:22:LL_AHB3_GRP1_EnableClock	24	static
stm32wbxx_ll_bus.h:799:22:LL_AHB3_GRP1_DisableClock	16	static
stm32wbxx_ll_bus.h:940:22:LL_APB1_GRP1_EnableClock	24	static
stm32wbxx_ll_bus.h:959:22:LL_APB1_GRP2_EnableClock	24	static
stm32wbxx_ll_bus.h:1039:22:LL_APB1_GRP1_DisableClock	16	static
stm32wbxx_ll_bus.h:1054:22:LL_APB1_GRP2_DisableClock	16	static
stm32wbxx_ll_bus.h:1275:22:LL_APB2_GRP1_EnableClock	24	static
stm32wbxx_ll_bus.h:1329:22:LL_APB2_GRP1_DisableClock	16	static
stm32wbxx_hal_msp.c:77:6:HAL_MspInit	16	static
stm32wbxx_hal_msp.c:115:6:HAL_ADC_MspInit	40	static
stm32wbxx_hal_msp.c:182:6:HAL_ADC_MspDeInit	16	static
stm32wbxx_hal_msp.c:224:6:HAL_CRYP_MspInit	16	static
stm32wbxx_hal_msp.c:246:6:HAL_CRYP_MspDeInit	16	static
stm32wbxx_hal_msp.c:268:6:HAL_I2C_MspInit	40	static
stm32wbxx_hal_msp.c:304:6:HAL_I2C_MspDeInit	16	static
stm32wbxx_hal_msp.c:335:6:HAL_UART_MspInit	40	static
stm32wbxx_hal_msp.c:471:6:HAL_UART_MspDeInit	16	static
stm32wbxx_hal_msp.c:530:6:HAL_PKA_MspInit	16	static
stm32wbxx_hal_msp.c:555:6:HAL_PKA_MspDeInit	16	static
stm32wbxx_hal_msp.c:580:6:HAL_RNG_MspInit	16	static
stm32wbxx_hal_msp.c:605:6:HAL_RNG_MspDeInit	16	static
stm32wbxx_hal_msp.c:630:6:HAL_SPI_MspInit	40	static
stm32wbxx_hal_msp.c:705:6:HAL_SPI_MspDeInit	16	static
